#-----------------------------------------------------------
# Vivado v2020.2 (64-bit)
# SW Build 3064766 on Wed Nov 18 09:12:45 MST 2020
# IP Build 3064653 on Wed Nov 18 14:17:31 MST 2020
# Start of session at: Wed Sep 27 13:24:13 2023
# Process ID: 25540
# Current directory: C:/Users/srini/Documents/Vivado/CPE233/cpe233_exp8_debounced_one_shot_interrupts
# Command line: vivado.exe -gui_launcher_event rodinguilauncherevent20252 C:\Users\srini\Documents\Vivado\CPE233\cpe233_exp8_debounced_one_shot_interrupts\cpe233_exp8_debounced_one_shot_interrupts.xpr
# Log file: C:/Users/srini/Documents/Vivado/CPE233/cpe233_exp8_debounced_one_shot_interrupts/vivado.log
# Journal file: C:/Users/srini/Documents/Vivado/CPE233/cpe233_exp8_debounced_one_shot_interrupts\vivado.jou
#-----------------------------------------------------------
start_gui
open_project C:/Users/srini/Documents/Vivado/CPE233/cpe233_exp8_debounced_one_shot_interrupts/cpe233_exp8_debounced_one_shot_interrupts.xpr
update_compile_order -fileset sources_1
